[2026-08-13 23:32:21] [INFO] 处理：武汉市志 文物志 (武汉地方志编纂委员会) 遗址(z-library.sk, 1lib.sk, z-lib.pdf
[2026-08-13 23:32:21] [INFO]   [拆分] 文本较长，拆分为 1 个块
[2026-08-13 23:32:49] [INFO]   [缓存] 已保存 12 条到缓存
[2026-08-13 23:32:49] [INFO]   -> 提取 12 条
[2026-08-13 23:34:38] [INFO] 处理：武汉市志 文物志 (武汉地方志编纂委员会) 遗址(z-library.sk, 1lib.sk, z-lib.pdf
[2026-08-13 23:34:38] [INFO]   [缓存命中] 直接返回缓存结果 (12 条)
[2026-08-13 23:34:38] [INFO]   -> 提取 12 条
[2026-08-13 23:36:23] [INFO] 处理：武汉市志 文物志 (武汉地方志编纂委员会) 遗址(z-library.sk, 1lib.sk, z-lib.pdf
[2026-08-13 23:36:23] [INFO]   [缓存命中] 直接返回缓存结果 (12 条)
[2026-08-13 23:36:23] [INFO]   -> 提取 12 条
[2026-08-13 23:36:32] [INFO] 处理：武汉市志 文物志 (武汉地方志编纂委员会) 遗址(z-library.sk, 1lib.sk, z-lib.pdf
[2026-08-13 23:36:32] [INFO]   [缓存命中] 直接返回缓存结果 (12 条)
[2026-08-13 23:36:32] [INFO]   -> 提取 12 条
[2026-08-13 23:37:12] [INFO] 处理：武汉市志 文物志 (武汉地方志编纂委员会) 遗址(z-library.sk, 1lib.sk, z-lib.pdf
[2026-08-13 23:37:12] [INFO]   [缓存命中] 直接返回缓存结果 (12 条)
[2026-08-13 23:37:12] [INFO]   -> 提取 12 条
[2026-08-13 23:42:18] [INFO] 处理：武汉市志 文物志 (武汉地方志编纂委员会) 遗址(z-library.sk, 1lib.sk, z-lib.pdf
[2026-08-13 23:42:18] [INFO]   [缓存命中] 直接返回缓存结果 (12 条)
[2026-08-13 23:42:18] [INFO]   -> 提取 12 条
[2026-08-13 23:45:43] [INFO] 处理：武汉市志 文物志 (武汉地方志编纂委员会) 遗址(z-library.sk, 1lib.sk, z-lib.pdf
[2026-08-13 23:45:43] [INFO]   [缓存命中] 直接返回缓存结果 (12 条)
[2026-08-13 23:45:43] [INFO]   -> 提取 12 条
[2026-08-13 23:47:07] [INFO] 处理：武汉市志 文物志 (武汉地方志编纂委员会) 遗址(z-library.sk, 1lib.sk, z-lib.pdf
[2026-08-13 23:47:07] [INFO]   [缓存命中] 直接返回缓存结果 (12 条)
[2026-08-13 23:47:07] [INFO]   -> 提取 12 条
[2026-08-13 23:48:23] [INFO] 处理：武汉市志 文物志 (武汉地方志编纂委员会) 遗址(z-library.sk, 1lib.sk, z-lib.pdf
[2026-08-13 23:48:23] [INFO]   [拆分] 文本较长，拆分为 1 个块
[2026-08-13 23:48:49] [INFO]   [缓存] 已保存 12 条到缓存
[2026-08-13 23:48:49] [INFO]   -> 提取 12 条
[2026-08-14 00:02:31] [INFO] 处理：提取自武汉市志 文物志 (武汉地方志编纂委员会) (z-library.sk, 1lib.sk, z-lib.sk).pdf
[2026-08-14 00:02:31] [WARNING]   -> 文本过短，跳过
[2026-08-14 00:02:54] [INFO] 处理：提取自武汉市志 文物志 (武汉地方志编纂委员会) (z-library.sk, 1lib.sk, z-lib.sk).pdf
[2026-08-14 00:02:54] [WARNING]   -> 文本过短，跳过
[2026-08-14 00:05:35] [INFO] 处理：提取自武汉市志 文物志 (武汉地方志编纂委员会) (z-library.sk, 1lib.sk, z-lib.sk).pdf
[2026-08-14 00:05:35] [WARNING]   -> 文本过短，跳过
[2026-08-14 00:05:36] [INFO] 处理：提取自武汉市志 文物志 (武汉地方志编纂委员会) (z-library.sk, 1lib.sk, z-lib.sk).pdf
[2026-08-14 00:05:36] [WARNING]   -> 文本过短，跳过
[2026-08-14 00:05:37] [INFO] 处理：提取自武汉市志 文物志 (武汉地方志编纂委员会) (z-library.sk, 1lib.sk, z-lib.sk).pdf
[2026-08-14 00:05:37] [WARNING]   -> 文本过短，跳过
[2026-08-14 00:05:37] [INFO] 处理：提取自武汉市志 文物志 (武汉地方志编纂委员会) (z-library.sk, 1lib.sk, z-lib.sk).pdf
[2026-08-14 00:05:37] [WARNING]   -> 文本过短，跳过
[2026-08-14 00:05:37] [INFO] 处理：提取自武汉市志 文物志 (武汉地方志编纂委员会) (z-library.sk, 1lib.sk, z-lib.sk).pdf
[2026-08-14 00:05:37] [WARNING]   -> 文本过短，跳过
[2026-08-14 00:05:37] [INFO] 处理：提取自武汉市志 文物志 (武汉地方志编纂委员会) (z-library.sk, 1lib.sk, z-lib.sk).pdf
[2026-08-14 00:05:37] [WARNING]   -> 文本过短，跳过
[2026-08-14 00:05:37] [INFO] 处理：提取自武汉市志 文物志 (武汉地方志编纂委员会) (z-library.sk, 1lib.sk, z-lib.sk).pdf
[2026-08-14 00:05:37] [WARNING]   -> 文本过短，跳过
[2026-08-14 00:05:38] [INFO] 处理：提取自武汉市志 文物志 (武汉地方志编纂委员会) (z-library.sk, 1lib.sk, z-lib.sk).pdf
[2026-08-14 00:05:38] [WARNING]   -> 文本过短，跳过
[2026-08-14 00:06:12] [INFO] 处理：提取自武汉市志 文物志 (武汉地方志编纂委员会) (z-library.sk, 1lib.sk, z-lib.sk).pdf
[2026-08-14 00:06:12] [WARNING]   -> 文本过短，跳过
[2026-08-14 00:14:12] [INFO] 处理：test.pdf.pdf
[2026-08-14 00:14:12] [WARNING]   -> 文本过短，跳过
[2026-08-14 00:27:43] [INFO] 处理：test.pdf.pdf
[2026-08-14 00:27:43] [WARNING]   -> 文本过短，跳过
[2026-08-14 00:28:11] [INFO] 处理：test.pdf
[2026-08-14 00:28:11] [WARNING]   -> 文本过短，跳过
[2026-08-14 00:46:44] [INFO] 处理：test.pdf
[2026-08-14 00:46:58] [INFO]   [拆分] 文本较长，拆分为 2 个块
[2026-08-14 00:47:25] [INFO]   [缓存] 已保存 12 条到缓存
[2026-08-14 00:47:25] [INFO]   -> 提取 12 条
[2026-08-14 02:50:35] [INFO] 处理：test.pdf
[2026-08-14 02:50:50] [INFO]   [缓存命中] 直接返回缓存结果 (12 条)
[2026-08-14 02:50:50] [INFO]   -> 提取 12 条
[2026-08-14 03:45:44] [INFO] 处理：test.pdf
[2026-08-14 03:45:44] [INFO] 处理：武汉市志 文化志 (武汉地方志编纂委员会) (z-library.sk, 1lib.sk, z-lib.sk).pdf
[2026-08-14 03:45:59] [INFO]   [缓存命中] 直接返回缓存结果 (12 条)
[2026-08-14 03:45:59] [INFO]   -> 提取 12 条
[2026-08-14 03:52:14] [INFO] 处理：test.pdf
[2026-08-14 03:52:14] [INFO] 处理：武汉市志 文化志 (武汉地方志编纂委员会) (z-library.sk, 1lib.sk, z-lib.sk).pdf
[2026-08-14 03:52:29] [INFO]   [缓存命中] 直接返回缓存结果 (12 条)
[2026-08-14 03:52:29] [INFO]   -> 提取 12 条
[2026-08-14 03:57:35] [INFO]   [拆分] 文本较长，拆分为 63 个块
[2026-08-14 03:57:50] [ERROR]   API请求出错：Expecting ',' delimiter: line 36 column 50 (char 989)
[2026-08-14 03:58:41] [ERROR]   API请求出错：Expecting property name enclosed in double quotes: line 957 column 21 (char 17596)
[2026-08-14 03:59:35] [ERROR]   API请求出错：Unterminated string starting at: line 774 column 13 (char 15636)
[2026-08-14 04:00:29] [ERROR]   API请求出错：Expecting value: line 881 column 12 (char 16259)
[2026-08-14 04:01:07] [ERROR]   API请求出错：Unterminated string starting at: line 773 column 5 (char 15703)
[2026-08-14 04:02:03] [ERROR]   API请求出错：Unterminated string starting at: line 642 column 11 (char 14992)
[2026-08-14 04:02:42] [ERROR]   API请求出错：Unterminated string starting at: line 708 column 11 (char 15756)
[2026-08-14 04:04:22] [INFO]   [拆分] 文本较长，拆分为 63 个块
[2026-08-14 04:05:52] [ERROR]   API请求出错：Unterminated string starting at: line 836 column 13 (char 15863)
[2026-08-14 04:06:40] [ERROR]   API请求出错：Unterminated string starting at: line 423 column 5 (char 13815)
[2026-08-14 04:06:57] [ERROR]   API请求出错：Unterminated string starting at: line 675 column 13 (char 15201)
[2026-08-14 04:07:34] [ERROR]   API请求出错：Unterminated string starting at: line 765 column 13 (char 15655)
[2026-08-14 04:07:51] [ERROR]   API请求出错：Expecting ',' delimiter: line 144 column 100 (char 3897)
[2026-08-14 04:08:13] [ERROR]   API请求出错：Expecting ',' delimiter: line 27 column 378 (char 1683)
[2026-08-14 04:08:20] [ERROR]   API请求出错：Expecting ',' delimiter: line 549 column 133 (char 11666)
[2026-08-14 04:09:07] [ERROR]   API请求出错：Expecting ',' delimiter: line 198 column 201 (char 6377)
[2026-08-14 04:09:09] [ERROR]   API请求出错：Unterminated string starting at: line 585 column 13 (char 14987)
[2026-08-14 04:09:48] [ERROR]   API请求出错：Expecting value: line 540 column 12 (char 14890)
[2026-08-14 04:10:14] [ERROR]   API请求出错：Expecting ',' delimiter: line 162 column 108 (char 6361)
[2026-08-14 04:10:34] [ERROR]   API请求出错：Expecting ',' delimiter: line 153 column 52 (char 4916)
[2026-08-14 04:11:37] [ERROR]   API请求出错：Unterminated string starting at: line 639 column 13 (char 15143)
[2026-08-14 04:13:13] [ERROR]   API请求出错：Unterminated string starting at: line 340 column 5 (char 13313)
[2026-08-14 04:14:22] [ERROR]   API请求出错：Expecting ',' delimiter: line 144 column 100 (char 3901)
[2026-08-14 04:15:03] [ERROR]   API请求出错：Expecting property name enclosed in double quotes: line 516 column 25 (char 15101)
[2026-08-14 04:16:03] [ERROR]   API请求出错：Expecting ',' delimiter: line 216 column 68 (char 6927)
[2026-08-14 04:16:44] [ERROR]   API请求出错：Unterminated string starting at: line 602 column 5 (char 15313)
[2026-08-14 04:17:10] [ERROR]   API请求出错：Expecting ',' delimiter: line 171 column 108 (char 6578)
